SELECT buffile_test_shared();
 buffile_test_shared 
---------------------
 
(1 row)

SELECT buffile_test_shared_append();
 buffile_test_shared_append 
----------------------------
 
(1 row)

